// Jest Snapshot v1, https://goo.gl/fbAQLP

exports[`Render PaginationList 1`] = `
<DocumentFragment>
  <div
    class="pagination"
  >
    <ul
      class="pagination__list"
    >
      <li
        class="pagination__item"
        data-testid="pagination-item-previous-test"
      >
        <a
          class="pagination__link pagination__link--text"
          href="/catalog/page_-1"
        >
          Назад
        </a>
      </li>
    </ul>
  </div>
</DocumentFragment>
`;
