// Jest Snapshot v1, https://goo.gl/fbAQLP

exports[`Render Cards 1`] = `
<DocumentFragment>
  <div
    class="cards catalog__cards"
  >
    <div
      class="product-card"
      data-testid="product-card-test"
    >
      <div
        class="product-card__img"
      >
        <picture>
          <source
            srcset="../img/content/look-identify.webp, ../img/content/look-identify@2x.webp 2x"
            type="image/webp"
          />
          <img
            alt="Look Identify1"
            height="240"
            src="../img/content/look-identify.jpg"
            srcset="../img/content/look-identify@2x.jpg 2x"
            width="280"
          />
        </picture>
      </div>
      <div
        class="product-card__info"
      >
        <div
          class="rate product-card__rate"
        >
          <svg
            aria-hidden="false"
            height="16"
            width="17"
          >
            <use
              data-testid="star-test"
              xlink:href="#icon-full-star"
            />
          </svg>
          <svg
            aria-hidden="false"
            height="16"
            width="17"
          >
            <use
              data-testid="star-test"
              xlink:href="#icon-full-star"
            />
          </svg>
          <svg
            aria-hidden="false"
            height="16"
            width="17"
          >
            <use
              data-testid="star-test"
              xlink:href="#icon-full-star"
            />
          </svg>
          <svg
            aria-hidden="false"
            height="16"
            width="17"
          >
            <use
              data-testid="star-test"
              xlink:href="#icon-full-star"
            />
          </svg>
          <svg
            aria-hidden="false"
            height="16"
            width="17"
          >
            <use
              data-testid="star-test"
              xlink:href="#icon-full-star"
            />
          </svg>
          <p
            class="visually-hidden"
            data-testid="rating-test"
          >
            Рейтинг: 5
          </p>
          <p
            class="rate__count"
          >
            <span
              class="visually-hidden"
              data-testid="rates-total"
            >
              Всего оценок:
            </span>
            18
          </p>
        </div>
        <p
          class="product-card__title"
        >
          Look Identify1
        </p>
        <p
          class="product-card__price"
          data-testid="price-test"
        >
          <span
            class="visually-hidden"
          >
            Цена:
          </span>
          12 6000 ₽
        </p>
      </div>
      <div
        class="product-card__buttons"
      >
        <button
          class="btn btn--purple product-card__btn"
          type="button"
        >
          Купить
        </button>
        <a
          class="btn btn--transparent"
          data-testid="link-test"
          href="/cameras/1"
        >
          Подробнее
        </a>
      </div>
    </div>
    <div
      class="product-card"
      data-testid="product-card-test"
    >
      <div
        class="product-card__img"
      >
        <picture>
          <source
            srcset="../img/content/look-identify.webp, ../img/content/look-identify@2x.webp 2x"
            type="image/webp"
          />
          <img
            alt="Look Identify2"
            height="240"
            src="../img/content/look-identify.jpg"
            srcset="../img/content/look-identify@2x.jpg 2x"
            width="280"
          />
        </picture>
      </div>
      <div
        class="product-card__info"
      >
        <div
          class="rate product-card__rate"
        >
          <svg
            aria-hidden="false"
            height="16"
            width="17"
          >
            <use
              data-testid="star-test"
              xlink:href="#icon-full-star"
            />
          </svg>
          <svg
            aria-hidden="false"
            height="16"
            width="17"
          >
            <use
              data-testid="star-test"
              xlink:href="#icon-full-star"
            />
          </svg>
          <svg
            aria-hidden="false"
            height="16"
            width="17"
          >
            <use
              data-testid="star-test"
              xlink:href="#icon-full-star"
            />
          </svg>
          <svg
            aria-hidden="false"
            height="16"
            width="17"
          >
            <use
              data-testid="star-test"
              xlink:href="#icon-full-star"
            />
          </svg>
          <svg
            aria-hidden="false"
            height="16"
            width="17"
          >
            <use
              xlink:href="#icon-star"
            >
               
            </use>
          </svg>
          <p
            class="visually-hidden"
            data-testid="rating-test"
          >
            Рейтинг: 4
          </p>
          <p
            class="rate__count"
          >
            <span
              class="visually-hidden"
              data-testid="rates-total"
            >
              Всего оценок:
            </span>
            18
          </p>
        </div>
        <p
          class="product-card__title"
        >
          Look Identify2
        </p>
        <p
          class="product-card__price"
          data-testid="price-test"
        >
          <span
            class="visually-hidden"
          >
            Цена:
          </span>
          16 000 ₽
        </p>
      </div>
      <div
        class="product-card__buttons"
      >
        <button
          class="btn btn--purple product-card__btn"
          type="button"
        >
          Купить
        </button>
        <a
          class="btn btn--transparent"
          data-testid="link-test"
          href="/cameras/2"
        >
          Подробнее
        </a>
      </div>
    </div>
    <div
      class="product-card"
      data-testid="product-card-test"
    >
      <div
        class="product-card__img"
      >
        <picture>
          <source
            srcset="../img/content/look-identify.webp, ../img/content/look-identify@2x.webp 2x"
            type="image/webp"
          />
          <img
            alt="Look Identify3"
            height="240"
            src="../img/content/look-identify.jpg"
            srcset="../img/content/look-identify@2x.jpg 2x"
            width="280"
          />
        </picture>
      </div>
      <div
        class="product-card__info"
      >
        <div
          class="rate product-card__rate"
        >
          <svg
            aria-hidden="false"
            height="16"
            width="17"
          >
            <use
              data-testid="star-test"
              xlink:href="#icon-full-star"
            />
          </svg>
          <svg
            aria-hidden="false"
            height="16"
            width="17"
          >
            <use
              data-testid="star-test"
              xlink:href="#icon-full-star"
            />
          </svg>
          <svg
            aria-hidden="false"
            height="16"
            width="17"
          >
            <use
              data-testid="star-test"
              xlink:href="#icon-full-star"
            />
          </svg>
          <svg
            aria-hidden="false"
            height="16"
            width="17"
          >
            <use
              data-testid="star-test"
              xlink:href="#icon-full-star"
            />
          </svg>
          <svg
            aria-hidden="false"
            height="16"
            width="17"
          >
            <use
              xlink:href="#icon-star"
            >
               
            </use>
          </svg>
          <p
            class="visually-hidden"
            data-testid="rating-test"
          >
            Рейтинг: 4
          </p>
          <p
            class="rate__count"
          >
            <span
              class="visually-hidden"
              data-testid="rates-total"
            >
              Всего оценок:
            </span>
            18
          </p>
        </div>
        <p
          class="product-card__title"
        >
          Look Identify3
        </p>
        <p
          class="product-card__price"
          data-testid="price-test"
        >
          <span
            class="visually-hidden"
          >
            Цена:
          </span>
          16 0200 ₽
        </p>
      </div>
      <div
        class="product-card__buttons"
      >
        <button
          class="btn btn--purple product-card__btn"
          type="button"
        >
          Купить
        </button>
        <a
          class="btn btn--transparent"
          data-testid="link-test"
          href="/cameras/3"
        >
          Подробнее
        </a>
      </div>
    </div>
    <div
      class="product-card"
      data-testid="product-card-test"
    >
      <div
        class="product-card__img"
      >
        <picture>
          <source
            srcset="../img/content/look-identify.webp, ../img/content/look-identify@2x.webp 2x"
            type="image/webp"
          />
          <img
            alt="Look Identify4"
            height="240"
            src="../img/content/look-identify.jpg"
            srcset="../img/content/look-identify@2x.jpg 2x"
            width="280"
          />
        </picture>
      </div>
      <div
        class="product-card__info"
      >
        <div
          class="rate product-card__rate"
        >
          <svg
            aria-hidden="false"
            height="16"
            width="17"
          >
            <use
              data-testid="star-test"
              xlink:href="#icon-full-star"
            />
          </svg>
          <svg
            aria-hidden="false"
            height="16"
            width="17"
          >
            <use
              data-testid="star-test"
              xlink:href="#icon-full-star"
            />
          </svg>
          <svg
            aria-hidden="false"
            height="16"
            width="17"
          >
            <use
              data-testid="star-test"
              xlink:href="#icon-full-star"
            />
          </svg>
          <svg
            aria-hidden="false"
            height="16"
            width="17"
          >
            <use
              data-testid="star-test"
              xlink:href="#icon-full-star"
            />
          </svg>
          <svg
            aria-hidden="false"
            height="16"
            width="17"
          >
            <use
              xlink:href="#icon-star"
            >
               
            </use>
          </svg>
          <p
            class="visually-hidden"
            data-testid="rating-test"
          >
            Рейтинг: 4
          </p>
          <p
            class="rate__count"
          >
            <span
              class="visually-hidden"
              data-testid="rates-total"
            >
              Всего оценок:
            </span>
            18
          </p>
        </div>
        <p
          class="product-card__title"
        >
          Look Identify4
        </p>
        <p
          class="product-card__price"
          data-testid="price-test"
        >
          <span
            class="visually-hidden"
          >
            Цена:
          </span>
          16 0200 ₽
        </p>
      </div>
      <div
        class="product-card__buttons"
      >
        <button
          class="btn btn--purple product-card__btn"
          type="button"
        >
          Купить
        </button>
        <a
          class="btn btn--transparent"
          data-testid="link-test"
          href="/cameras/4"
        >
          Подробнее
        </a>
      </div>
    </div>
  </div>
</DocumentFragment>
`;
